// Jest Snapshot v1, https://goo.gl/fbAQLP

exports[`IngresoTaller se despliega correctamente 1`] = `
<div
  className="sc-ikkxIA"
>
  <div
    className="sc-kpDqfm sc-dAbbOL bTCkFB hdZOgq"
  >
    Fecha de ingreso
  </div>
  <div
    className="sc-kpDqfm sc-feUZmu bTCkFB jMhLTa"
  >
    Fecha inv√°lida
  </div>
</div>
`;
