// Jest Snapshot v1, https://goo.gl/fbAQLP

exports[`#Declaracion se despliega correctamente 1`] = `
<div
  className="sc-iGgWBj sc-ikkxIA fgQoGq gvzrlR"
>
  <div
    className="sc-feUZmu dXvHse"
  >
    <div
      className="sc-fUnMCh gkAIpe"
    >
      <div
        className="sc-fqkvVR sc-hzhJZQ wQLUp fYDaCd"
      >
        Declaraci√≥n
        <button
          className="sc-fHjqPf lpkQKc"
          onClick={[Function]}
        >
          <svg
            aria-hidden={true}
            className="MuiSvgIcon-root"
            focusable="false"
            viewBox="0 0 24 24"
          >
            <path
              d="M18.3 5.71a.9959.9959 0 00-1.41 0L12 10.59 7.11 5.7a.9959.9959 0 00-1.41 0c-.39.39-.39 1.02 0 1.41L10.59 12 5.7 16.89c-.39.39-.39 1.02 0 1.41.39.39 1.02.39 1.41 0L12 13.41l4.89 4.89c.39.39 1.02.39 1.41 0 .39-.39.39-1.02 0-1.41L13.41 12l4.89-4.89c.38-.38.38-1.02 0-1.4z"
            />
          </svg>
        </button>
      </div>
      Lorem ipsum dolor sit amet, consectetur adipiscing elit, sed do eiusmod tempor incididunt ut labore et dolore magna aliqua. Ut enim ad minim veniam, quis nostrud exercitation ullamco laboris nisi ut aliquip ex ea commodo consequat. Duis aute irure dolor in reprehenderit in voluptate velit esse cillum dolore eu fugiat nulla pariatur. Excepteur sint occaecat cupidatat non proident, sunt in culpa qui officia deserunt mollit anim id est laborum. Sed blandit libero volutpat sed cras ornare arcu. Tellus orci ac auctor augue mauris augue. Interdum velit euismod in pellentesque. Viverra nam libero justo laoreet sit. Posuere ac ut consequat semper viverra nam libero justo. Convallis a cras semper auctor. Odio facilisis mauris sit amet massa vitae tortor condimentum lacinia. Nunc mi ipsum faucibus vitae aliquet nec. Duis at consectetur lorem donec. Dictum varius duis at consectetur lorem donec massa sapien. Massa vitae tortor condimentum lacinia quis vel eros donec ac. Nullam eget felis eget nunc lobortis mattis.
    </div>
  </div>
  Lorem ipsum dolor sit amet, consectetur adipiscing elit, sed do eiusmod tempor incididunt ut labore et dolore magna aliqua. Ut enim ad 
  ...
  <div
    className="sc-kpDqfm sc-dAbbOL bTCkFB htGLfa"
    onClick={[Function]}
  >
    Seguir leyendo
  </div>
</div>
`;
