// Jest Snapshot v1, https://goo.gl/fbAQLP

exports[`#BarraAlerta se despliega correctamente 1`] = `
<div
  className="sc-aXZVg cEfDuC"
>
  <div
    className="sc-gEvEer gyAAKl"
  >
    <div
      className="sc-eqUAAy eiYtLT"
    >
      <svg
        aria-hidden={true}
        className="MuiSvgIcon-root"
        focusable="false"
        viewBox="0 0 24 24"
      >
        <path
          d="M12 2C6.48 2 2 6.48 2 12s4.48 10 10 10 10-4.48 10-10S17.52 2 12 2zm0 11c-.55 0-1-.45-1-1V8c0-.55.45-1 1-1s1 .45 1 1v4c0 .55-.45 1-1 1zm1 4h-2v-2h2v2z"
        />
      </svg>
    </div>
    <span
      className="sc-fqkvVR kWIBUX"
      dangerouslySetInnerHTML={
        Object {
          "__html": "",
        }
      }
    />
    <button
      className="sc-dcJsrY hPllxL"
      onClick={[Function]}
      type="submit"
    >
      <svg
        aria-hidden={true}
        className="MuiSvgIcon-root"
        focusable="false"
        viewBox="0 0 24 24"
      >
        <path
          d="M18.3 5.71a.9959.9959 0 00-1.41 0L12 10.59 7.11 5.7a.9959.9959 0 00-1.41 0c-.39.39-.39 1.02 0 1.41L10.59 12 5.7 16.89c-.39.39-.39 1.02 0 1.41.39.39 1.02.39 1.41 0L12 13.41l4.89 4.89c.39.39 1.02.39 1.41 0 .39-.39.39-1.02 0-1.41L13.41 12l4.89-4.89c.38-.38.38-1.02 0-1.4z"
        />
      </svg>
    </button>
  </div>
</div>
`;
