// Jest Snapshot v1, https://goo.gl/fbAQLP

exports[`#PantallaContrasenaOlvidada se despliega correctamente 1`] = `
<div
  className="sc-jsJBEP hrEzkG"
  id="PantallaContrasenaOlvidada"
>
  <div>
    Soy un contenedor simulado
  </div>
  <div
    className="sc-koXPp gBlQG"
  >
    <div
      className="sc-kOHTFB hniLxw"
    >
      <div
        className="sc-dtInlm QafKl"
      >
        <div
          className="sc-kOPcWz juGHSd"
        >
          <svg
            aria-hidden={true}
            className="MuiSvgIcon-root"
            focusable="false"
            viewBox="0 0 24 24"
          >
            <path
              d="M12 2C6.48 2 2 6.48 2 12s4.48 10 10 10 10-4.48 10-10S17.52 2 12 2zm0 11c-.55 0-1-.45-1-1V8c0-.55.45-1 1-1s1 .45 1 1v4c0 .55-.45 1-1 1zm1 4h-2v-2h2v2z"
            />
          </svg>
        </div>
        <span
          className="sc-cWSHoV ckYGBL"
          dangerouslySetInnerHTML={
            Object {
              "__html": "Tenemos problemas para realizar el cambio de contraseña. Favor de intentarlo mas tarde.",
            }
          }
        />
        <button
          className="sc-eBMEME ea-dXxx"
          onClick={[Function]}
          type="submit"
        >
          <svg
            aria-hidden={true}
            className="MuiSvgIcon-root"
            focusable="false"
            viewBox="0 0 24 24"
          >
            <path
              d="M18.3 5.71a.9959.9959 0 00-1.41 0L12 10.59 7.11 5.7a.9959.9959 0 00-1.41 0c-.39.39-.39 1.02 0 1.41L10.59 12 5.7 16.89c-.39.39-.39 1.02 0 1.41.39.39 1.02.39 1.41 0L12 13.41l4.89 4.89c.39.39 1.02.39 1.41 0 .39-.39.39-1.02 0-1.41L13.41 12l4.89-4.89c.38-.38.38-1.02 0-1.4z"
            />
          </svg>
        </button>
      </div>
    </div>
    <div
      className="sc-iGgWBj sc-ikkxIA fgQoGq kFUUjo"
    >
      Ingresa el teléfono vinculado a tu cuenta. Enviaremos un WhatsApp/SMS con el enlace para restablecer tu contraseña.
    </div>
    <div
      className="sc-esYiGF fWtARg"
      id="campoTelefono"
    >
      <div
        className="sc-kpDqfm sc-fXSgeo bTCkFB jMgeTG"
        id="campoTelefono-etiqueta"
      >
        Teléfono
      </div>
      <div
        className="sc-kpDqfm sc-dCFHLb bTCkFB ihOnyP"
        id="campoTelefono-contenedorCampoDeTexto"
      >
        <input
          autoFocus={true}
          className="sc-fhzFiK hJPwmC"
          data-indice={null}
          disabled={false}
          id="campoTelefono-campoDeTexto"
          maxLength={15}
          onBlur={[Function]}
          onChange={[Function]}
          onClick={[Function]}
          onFocus={[Function]}
          onInput={[Function]}
          onKeyPress={[Function]}
          placeholder=""
          readOnly={false}
          rows={null}
          type="number"
          value=""
        />
      </div>
    </div>
    <div
      className="sc-dAbbOL fFiTcC"
    >
      <div>
        Soy un contenedor simulado
      </div>
    </div>
  </div>
</div>
`;
